# This file was autogenerated by uv via the following command:
#    uv pip compile requirements.in -o requirements.out
anyio==4.9.0
    # via
    #   httpx
    #   jupyter-server
argon2-cffi==23.1.0
    # via jupyter-server
argon2-cffi-bindings==21.2.0
    # via argon2-cffi
arrow==1.3.0
    # via isoduration
asttokens==3.0.0
    # via stack-data
async-lru==2.0.5
    # via jupyterlab
attrs==25.3.0
    # via
    #   jsonschema
    #   referencing
babel==2.17.0
    # via jupyterlab-server
beautifulsoup4==4.13.4
    # via nbconvert
bleach==6.2.0
    # via nbconvert
certifi==2025.4.26
    # via
    #   httpcore
    #   httpx
    #   requests
cffi==1.17.1
    # via argon2-cffi-bindings
charset-normalizer==3.4.1
    # via requests
cloudpickle==3.1.1
    # via shap
comm==0.2.2
    # via
    #   ipykernel
    #   ipywidgets
contourpy==1.3.2
    # via matplotlib
cycler==0.12.1
    # via matplotlib
debugpy==1.8.14
    # via ipykernel
decorator==5.2.1
    # via ipython
defusedxml==0.7.1
    # via nbconvert
executing==2.2.0
    # via stack-data
fastjsonschema==2.21.1
    # via nbformat
filelock==3.18.0
    # via
    #   huggingface-hub
    #   torch
    #   transformers
fonttools==4.57.0
    # via matplotlib
fqdn==1.5.1
    # via jsonschema
fsspec==2025.3.2
    # via
    #   huggingface-hub
    #   torch
h11==0.16.0
    # via httpcore
httpcore==1.0.9
    # via httpx
httpx==0.28.1
    # via jupyterlab
huggingface-hub==0.30.2
    # via
    #   tokenizers
    #   transformers
idna==3.10
    # via
    #   anyio
    #   httpx
    #   jsonschema
    #   requests
ipykernel==6.29.5
    # via
    #   -r requirements.in
    #   jupyter
    #   jupyter-console
    #   jupyterlab
ipython==9.2.0
    # via
    #   ipykernel
    #   ipywidgets
    #   jupyter-console
ipython-pygments-lexers==1.1.1
    # via ipython
ipywidgets==8.1.6
    # via jupyter
isoduration==20.11.0
    # via jsonschema
jedi==0.19.2
    # via ipython
jinja2==3.1.6
    # via
    #   jupyter-server
    #   jupyterlab
    #   jupyterlab-server
    #   nbconvert
    #   torch
joblib==1.4.2
    # via scikit-learn
json5==0.12.0
    # via jupyterlab-server
jsonpointer==3.0.0
    # via jsonschema
jsonschema==4.23.0
    # via
    #   jupyter-events
    #   jupyterlab-server
    #   nbformat
jsonschema-specifications==2025.4.1
    # via jsonschema
jupyter==1.1.1
    # via -r requirements.in
jupyter-client==8.6.3
    # via
    #   ipykernel
    #   jupyter-console
    #   jupyter-server
    #   nbclient
jupyter-console==6.6.3
    # via jupyter
jupyter-core==5.7.2
    # via
    #   ipykernel
    #   jupyter-client
    #   jupyter-console
    #   jupyter-server
    #   jupyterlab
    #   nbclient
    #   nbconvert
    #   nbformat
jupyter-events==0.12.0
    # via jupyter-server
jupyter-lsp==2.2.5
    # via jupyterlab
jupyter-server==2.15.0
    # via
    #   jupyter-lsp
    #   jupyterlab
    #   jupyterlab-server
    #   notebook
    #   notebook-shim
jupyter-server-terminals==0.5.3
    # via jupyter-server
jupyterlab==4.4.1
    # via
    #   jupyter
    #   notebook
jupyterlab-pygments==0.3.0
    # via nbconvert
jupyterlab-server==2.27.3
    # via
    #   jupyterlab
    #   notebook
jupyterlab-widgets==3.0.14
    # via ipywidgets
kiwisolver==1.4.8
    # via matplotlib
llvmlite==0.44.0
    # via numba
markupsafe==3.0.2
    # via
    #   jinja2
    #   nbconvert
matplotlib==3.10.1
    # via
    #   -r requirements.in
    #   seaborn
matplotlib-inline==0.1.7
    # via
    #   ipykernel
    #   ipython
mistune==3.1.3
    # via nbconvert
mpmath==1.3.0
    # via sympy
nbclient==0.10.2
    # via nbconvert
nbconvert==7.16.6
    # via
    #   jupyter
    #   jupyter-server
nbformat==5.10.4
    # via
    #   jupyter-server
    #   nbclient
    #   nbconvert
nest-asyncio==1.6.0
    # via ipykernel
networkx==3.5
    # via torch
notebook==7.4.1
    # via jupyter
notebook-shim==0.2.4
    # via
    #   jupyterlab
    #   notebook
numba==0.61.2
    # via shap
numpy==2.2.5
    # via
    #   -r requirements.in
    #   contourpy
    #   matplotlib
    #   numba
    #   pandas
    #   patsy
    #   scikit-learn
    #   scipy
    #   seaborn
    #   shap
    #   statsmodels
    #   torchvision
    #   transformers
    #   xgboost
nvidia-cublas-cu12==12.6.4.1
    # via
    #   nvidia-cudnn-cu12
    #   nvidia-cusolver-cu12
    #   torch
nvidia-cuda-cupti-cu12==12.6.80
    # via torch
nvidia-cuda-nvrtc-cu12==12.6.77
    # via torch
nvidia-cuda-runtime-cu12==12.6.77
    # via torch
nvidia-cudnn-cu12==9.5.1.17
    # via torch
nvidia-cufft-cu12==11.3.0.4
    # via torch
nvidia-cufile-cu12==1.11.1.6
    # via torch
nvidia-curand-cu12==10.3.7.77
    # via torch
nvidia-cusolver-cu12==11.7.1.2
    # via torch
nvidia-cusparse-cu12==12.5.4.2
    # via
    #   nvidia-cusolver-cu12
    #   torch
nvidia-cusparselt-cu12==0.6.3
    # via torch
nvidia-nccl-cu12==2.26.2
    # via
    #   torch
    #   xgboost
nvidia-nvjitlink-cu12==12.6.85
    # via
    #   nvidia-cufft-cu12
    #   nvidia-cusolver-cu12
    #   nvidia-cusparse-cu12
    #   torch
nvidia-nvtx-cu12==12.6.77
    # via torch
overrides==7.7.0
    # via jupyter-server
packaging==25.0
    # via
    #   huggingface-hub
    #   ipykernel
    #   jupyter-events
    #   jupyter-server
    #   jupyterlab
    #   jupyterlab-server
    #   matplotlib
    #   nbconvert
    #   shap
    #   statsmodels
    #   transformers
pandas==2.2.3
    # via
    #   -r requirements.in
    #   seaborn
    #   shap
    #   statsmodels
pandocfilters==1.5.1
    # via nbconvert
parso==0.8.4
    # via jedi
patsy==1.0.1
    # via statsmodels
pexpect==4.9.0
    # via ipython
pillow==11.2.1
    # via
    #   matplotlib
    #   torchvision
platformdirs==4.3.7
    # via jupyter-core
polars==1.29.0
    # via -r requirements.in
prometheus-client==0.21.1
    # via jupyter-server
prompt-toolkit==3.0.51
    # via
    #   ipython
    #   jupyter-console
psutil==7.0.0
    # via ipykernel
psycopg2==2.9.10
    # via -r requirements.in
ptyprocess==0.7.0
    # via
    #   pexpect
    #   terminado
pure-eval==0.2.3
    # via stack-data
pyarrow==20.0.0
    # via -r requirements.in
pycparser==2.22
    # via cffi
pygments==2.19.1
    # via
    #   ipython
    #   ipython-pygments-lexers
    #   jupyter-console
    #   nbconvert
pyparsing==3.2.3
    # via matplotlib
python-dateutil==2.9.0.post0
    # via
    #   arrow
    #   jupyter-client
    #   matplotlib
    #   pandas
python-dotenv==1.1.0
    # via -r requirements.in
python-json-logger==3.3.0
    # via jupyter-events
pytz==2025.2
    # via pandas
pyyaml==6.0.2
    # via
    #   huggingface-hub
    #   jupyter-events
    #   transformers
pyzmq==26.4.0
    # via
    #   ipykernel
    #   jupyter-client
    #   jupyter-console
    #   jupyter-server
referencing==0.36.2
    # via
    #   jsonschema
    #   jsonschema-specifications
    #   jupyter-events
regex==2024.11.6
    # via transformers
requests==2.32.3
    # via
    #   huggingface-hub
    #   jupyterlab-server
    #   transformers
rfc3339-validator==0.1.4
    # via
    #   jsonschema
    #   jupyter-events
rfc3986-validator==0.1.1
    # via
    #   jsonschema
    #   jupyter-events
rpds-py==0.24.0
    # via
    #   jsonschema
    #   referencing
safetensors==0.5.3
    # via transformers
scikit-learn==1.6.1
    # via
    #   -r requirements.in
    #   shap
scipy==1.15.2
    # via
    #   scikit-learn
    #   shap
    #   statsmodels
    #   xgboost
seaborn==0.13.2
    # via -r requirements.in
send2trash==1.8.3
    # via jupyter-server
sentencepiece==0.2.0
    # via -r requirements.in
setuptools==80.1.0
    # via
    #   jupyterlab
    #   torch
    #   triton
shap==0.47.2
    # via -r requirements.in
six==1.17.0
    # via
    #   python-dateutil
    #   rfc3339-validator
slicer==0.0.8
    # via shap
sniffio==1.3.1
    # via anyio
soupsieve==2.7
    # via beautifulsoup4
stack-data==0.6.3
    # via ipython
statsmodels==0.14.4
    # via -r requirements.in
sympy==1.14.0
    # via torch
terminado==0.18.1
    # via
    #   jupyter-server
    #   jupyter-server-terminals
threadpoolctl==3.6.0
    # via scikit-learn
tinycss2==1.4.0
    # via bleach
tokenizers==0.21.1
    # via transformers
torch==2.7.0
    # via
    #   -r requirements.in
    #   torchaudio
    #   torchvision
torchaudio==2.7.0
    # via -r requirements.in
torchvision==0.22.0
    # via -r requirements.in
tornado==6.4.2
    # via
    #   ipykernel
    #   jupyter-client
    #   jupyter-server
    #   jupyterlab
    #   notebook
    #   terminado
tqdm==4.67.1
    # via
    #   -r requirements.in
    #   huggingface-hub
    #   shap
    #   transformers
traitlets==5.14.3
    # via
    #   comm
    #   ipykernel
    #   ipython
    #   ipywidgets
    #   jupyter-client
    #   jupyter-console
    #   jupyter-core
    #   jupyter-events
    #   jupyter-server
    #   jupyterlab
    #   matplotlib-inline
    #   nbclient
    #   nbconvert
    #   nbformat
transformers==4.51.3
    # via -r requirements.in
triton==3.3.0
    # via torch
types-python-dateutil==2.9.0.20241206
    # via arrow
typing-extensions==4.13.2
    # via
    #   anyio
    #   beautifulsoup4
    #   huggingface-hub
    #   referencing
    #   shap
    #   torch
tzdata==2025.2
    # via pandas
uri-template==1.3.0
    # via jsonschema
urllib3==2.4.0
    # via requests
wcwidth==0.2.13
    # via prompt-toolkit
webcolors==24.11.1
    # via jsonschema
webencodings==0.5.1
    # via
    #   bleach
    #   tinycss2
websocket-client==1.8.0
    # via jupyter-server
widgetsnbextension==4.0.14
    # via ipywidgets
xgboost==3.0.0
    # via -r requirements.in
